#########################################################################################################
#                                                                                                       #
#        /\                                                                                             #
#        /\                                                               nn                            #
#        /\                                                              8888                           #
#        ||                                                               ||                            #
#                                                                                                       #
#                                                                                                       #
#            nn                 /\                                                                      #
#           8888                /\                                                                      #
#            ||                 ||                                                                      #
#                                                                             /\                        #
#                                                                             /\                        #
#                                   nn                 /\                     /\                        #
#                                  8888                /\                     ||                        #
#                                   ||                 ||                                               #
#                                                                                                       #
#                   nn                 /\                                                               #
#                  8888                /\                                                               #
#                   ||                 ||                                                               #
#                                                                       nn                 /\           #
#                                                                      8888                /\           #
#                                                                       ||                 ||           #
#                                                                                                       #
#########################################################################################################
