                                                                                                                        
                                                                                                                        
                                                                                                                        
                        /FORREST\                       /DUNGEON\                        /BOSS\                         
          ######################################################################################################        
          ####             #$$#                           #$$$#                           #$$#             #####        
          ####                                                                                             #####        
          ####                                                                                             #####        
          ####                                                                                             #####        
          ####                                                                                             #####        
          ####                                                                                             #####        
          ####                                                                                             #####        
          ####                                                                                             #####        
          ####                                                                                             #####        
          ####                                                                                             #####        
          ####                                                                                             #####        
          ####                                                                                             #####        
          ####                                                                                             #####        
          ####                                                                                             #####        
          ####                                                                                             #####        
          ####                                          ##   ##                                            #####        
          ####                                          ##   ##                                            #####        
          ################################################   ###################################################        
                                                       ###   ###                                                        
                                                       ###   ###                                                        
                                        ##################   ##################                                         
                                        #####                             #####                                         
                                        #####                             #####                                         
                                        #####                             #####                                         
                                        #####                             #####                                         
                                        #####             *0*             #####                                         
                                        #####                             #####                                         
                                        #####                             #####                                         
                                        #####                             #####                                         
                                        #####                             #####                                         
                                        #####                             #####                                         
                                        #######################################                                         
