                                                                                                                        
                                                                                                                        
                                                                                                                        
                         /FOREST\                       /DUNGEON\                        /BOSS\                         
          ######################################################################################################        
          ####             #$$#                           #***#                           #^^#             #####        
          ####                                                                                             #####        
          ####                                                                                             #####        
          ####                                                                                             #####        
          ####                                                                                             #####        
          ####                                                                                             #####        
          ####                                                                                             #####        
          ####                                                                                             #####        
          ####                                                                                             #####        
          ####                                                                                             #####        
          ####                                                                                             #####        
          ####                                                                                             #####        
          ####                                                                                             #####        
          ####                                                                                             #####        
          ####                                                                                             #####        
          ####                                           ##   ##                                           #####        
          ####                                           ##   ##                                           #####        
          #################################################   ##################################################        
                                                        ###   ###                                                        
                                                        ###   ###                                                        
                                         ##################   ##################                                         
                                         #####                             #####                                         
                                         #####                             #####                                         
                                         #####                             #####                                         
                                         #####                             #####                                         
                                         #####              0              #####                                         
                                         #####                             #####                                         
                                         #####                             #####                                         
                                         #####                             #####                                         
                                         #####                             #####                                         
                                         #####                             #####                                         
                                         #######################################                                         
