########################################################################################################################
########################################################################################################################
########################################################################################################################
########################/FORREST\#######################/DUNGEON\########################/BOSS\#########################
########################################################################################################################
##############HHHHHHHHHHHHH#$$#HHHHHHHHHHHHHHHHHHHHHHHHHHH#$$$#HHHHHHHHHHHHHHHHHHHHHHHHHHH#$$#HHHHHHHHHHHHH#############
##############HHHHHHHHHHHHHHHHHHHHHHHHHHHHHHHHHHHHHHHHHHHHHHHHHHHHHHHHHHHHHHHHHHHHHHHHHHHHHHHHHHHHHHHHHHHHH#############
##############HHHHHHHHHHHHHHHHHHHHHHHHHHHHHHHHHHHHHHHHHHHHHHHHHHHHHHHHHHHHHHHHHHHHHHHHHHHHHHHHHHHHHHHHHHHHH#############
##############HHHHHHHHHHHHHHHHHHHHHHHHHHHHHHHHHHHHHHHHHHHHHHHHHHHHHHHHHHHHHHHHHHHHHHHHHHHHHHHHHHHHHHHHHHHHH#############
##############HHHHHHHHHHHHHHHHHHHHHHHHHHHHHHHHHHHHHHHHHHHHHHHHHHHHHHHHHHHHHHHHHHHHHHHHHHHHHHHHHHHHHHHHHHHHH#############
##############HHHHHHHHHHHHHHHHHHHHHHHHHHHHHHHHHHHHHHHHHHHHHHHHHHHHHHHHHHHHHHHHHHHHHHHHHHHHHHHHHHHHHHHHHHHHH#############
##############HHHHHHHHHHHHHHHHHHHHHHHHHHHHHHHHHHHHHHHHHHHHHHHHHHHHHHHHHHHHHHHHHHHHHHHHHHHHHHHHHHHHHHHHHHHHH#############
##############HHHHHHHHHHHHHHHHHHHHHHHHHHHHHHHHHHHHHHHHHHHHHHHHHHHHHHHHHHHHHHHHHHHHHHHHHHHHHHHHHHHHHHHHHHHHH#############
##############HHHHHHHHHHHHHHHHHHHHHHHHHHHHHHHHHHHHHHHHHHHHHHHHHHHHHHHHHHHHHHHHHHHHHHHHHHHHHHHHHHHHHHHHHHHHH#############
##############HHHHHHHHHHHHHHHHHHHHHHHHHHHHHHHHHHHHHHHHHHHHHHHHHHHHHHHHHHHHHHHHHHHHHHHHHHHHHHHHHHHHHHHHHHHHH#############
##############HHHHHHHHHHHHHHHHHHHHHHHHHHHHHHHHHHHHHHHHHHHHHHHHHHHHHHHHHHHHHHHHHHHHHHHHHHHHHHHHHHHHHHHHHHHHH#############
##############HHHHHHHHHHHHHHHHHHHHHHHHHHHHHHHHHHHHHHHHHHHHHHHHHHHHHHHHHHHHHHHHHHHHHHHHHHHHHHHHHHHHHHHHHHHHH#############
##############HHHHHHHHHHHHHHHHHHHHHHHHHHHHHHHHHHHHHHHHHHHHHHHHHHHHHHHHHHHHHHHHHHHHHHHHHHHHHHHHHHHHHHHHHHHHH#############
##############HHHHHHHHHHHHHHHHHHHHHHHHHHHHHHHHHHHHHHHHHHHHHHHHHHHHHHHHHHHHHHHHHHHHHHHHHHHHHHHHHHHHHHHHHHHHH#############
##############HHHHHHHHHHHHHHHHHHHHHHHHHHHHHHHHHHHHHHHHHHHHHHHHHHHHHHHHHHHHHHHHHHHHHHHHHHHHHHHHHHHHHHHHHHHHH#############
##############HHHHHHHHHHHHHHHHHHHHHHHHHHHHHHHHHHHHHHHHHH##HHH##HHHHHHHHHHHHHHHHHHHHHHHHHHHHHHHHHHHHHHHHHHHH#############
##############HHHHHHHHHHHHHHHHHHHHHHHHHHHHHHHHHHHHHHHHHH##HHH##HHHHHHHHHHHHHHHHHHHHHHHHHHHHHHHHHHHHHHHHHHHH#############
##########################################################HHH###########################################################
##########################################################HHH###########################################################
##########################################################HHH###########################################################
##########################################################HHH###########################################################
#############################################HHHHHHHHHHHHHHHHHHHHHHHHHHHHH##############################################
#############################################HHHHHHHHHHHHHHHHHHHHHHHHHHHHH##############################################
#############################################HHHHHHHHHHHHHHHHHHHHHHHHHHHHH##############################################
#############################################HHHHHHHHHHHHHHHHHHHHHHHHHHHHH##############################################
#############################################HHHHHHHHHHHHH*0*HHHHHHHHHHHHH##############################################
#############################################HHHHHHHHHHHHHHHHHHHHHHHHHHHHH##############################################
#############################################HHHHHHHHHHHHHHHHHHHHHHHHHHHHH##############################################
#############################################HHHHHHHHHHHHHHHHHHHHHHHHHHHHH##############################################
#############################################HHHHHHHHHHHHHHHHHHHHHHHHHHHHH##############################################
#############################################HHHHHHHHHHHHHHHHHHHHHHHHHHHHH##############################################
########################################################################################################################
